


ARM Macro Assembler    Page 1 


    1 00000000                 AREA             RESET,DATA,READONLY
    2 00000000                 EXPORT           __Vectors
    3 00000000         __Vectors
    4 00000000 10001000        DCD              0X10001000
    5 00000004 00000000        DCD              Reset_Handler
    6 00000008                 ALIGN
    7 00000008                 AREA             MYCODE,CODE,READONLY
    8 00000000                 ENTRY
    9 00000000                 EXPORT           Reset_Handler
   10 00000000         Reset_Handler
   11 00000000 4816            LDR              R0, =VAL1
   12 00000002 4917            LDR              R1, =VAL2
   13 00000004 F8DF 805C       LDR              R8, =DST
   14 00000008 F04F 0304       LDR              R3, =4
   15 0000000C F04F 0400       LDR              R4, =0
   16 00000010         GO
   17 00000010 F850 5B04       LDR              R5, [R0], #4
   18 00000014 F851 6B04       LDR              R6, [R1], #4
   19 00000018 1BAF            SUBS             R7, R5, R6
   20 0000001A EBA7 0704       SUB              R7, R7, R4
   21 0000001E F848 7B04       STR              R7, [R8], #4
   22 00000022 F144 0400       ADC              R4, #0
   23 00000026 F094 0F00       TEQ              R4, #0
   24 0000002A D002            BEQ              ZERO
   25 0000002C F04F 0400       MOV              R4, #0
   26 00000030 E001            B                SKIP
   27 00000032 F04F 0401 
                       ZERO    MOV              R4, #1
   28 00000036 3B01    SKIP    SUBS             R3, #1
   29 00000038 D1EA            BNE              GO
   30 0000003A 00 00 FFFFFFFF 
              FFFFFFFF 
              FFFFFFFF 
              FFFFFFFF VAL2    DCD              0xFFFFFFFF,0xFFFFFFFF,0xFFFFFFF
F,0xFFFFFFFF
   31 0000004C FFFFFFEE 
              FFFFFFEE 
              FFFFFFEE 
              FFFFFFEE VAL1    DCD              0xFFFFFFEE,0xFFFFFFEE,0xFFFFFFE
E,0xFFFFFFEE
   32 0000005C 00000000 
              00000000 
              00000000         AREA             MYDATA, DATA, READWRITE
   33 00000000 00000000 
                       DST     DCD              0
   34 00000004                 END
Command Line: --debug --xref --cpu=Cortex-M3 --apcs=interwork --depend=.\l1q4.d
 -o.\l1q4.o -IC:\Keil\ARM\RV31\INC -IC:\Keil\ARM\CMSIS\Include -IC:\Keil\ARM\In
c\NXP\LPC17xx --predefine="__EVAL SETA 1" --list=.\l1q4.lst l1q4.s



ARM Macro Assembler    Page 1 Alphabetic symbol ordering
Relocatable symbols

RESET 00000000

Symbol: RESET
   Definitions
      At line 1 in file l1q4.s
   Uses
      None
Comment: RESET unused
__Vectors 00000000

Symbol: __Vectors
   Definitions
      At line 3 in file l1q4.s
   Uses
      At line 2 in file l1q4.s
Comment: __Vectors used once
2 symbols



ARM Macro Assembler    Page 1 Alphabetic symbol ordering
Relocatable symbols

GO 00000010

Symbol: GO
   Definitions
      At line 16 in file l1q4.s
   Uses
      At line 29 in file l1q4.s
Comment: GO used once
MYCODE 00000000

Symbol: MYCODE
   Definitions
      At line 7 in file l1q4.s
   Uses
      None
Comment: MYCODE unused
Reset_Handler 00000000

Symbol: Reset_Handler
   Definitions
      At line 10 in file l1q4.s
   Uses
      At line 5 in file l1q4.s
      At line 9 in file l1q4.s

SKIP 00000036

Symbol: SKIP
   Definitions
      At line 28 in file l1q4.s
   Uses
      At line 26 in file l1q4.s
Comment: SKIP used once
VAL1 0000004C

Symbol: VAL1
   Definitions
      At line 31 in file l1q4.s
   Uses
      At line 11 in file l1q4.s
Comment: VAL1 used once
VAL2 0000003C

Symbol: VAL2
   Definitions
      At line 30 in file l1q4.s
   Uses
      At line 12 in file l1q4.s
Comment: VAL2 used once
ZERO 00000032

Symbol: ZERO
   Definitions
      At line 27 in file l1q4.s
   Uses
      At line 24 in file l1q4.s
Comment: ZERO used once
7 symbols



ARM Macro Assembler    Page 1 Alphabetic symbol ordering
Relocatable symbols

DST 00000000

Symbol: DST
   Definitions
      At line 33 in file l1q4.s
   Uses
      At line 13 in file l1q4.s
Comment: DST used once
MYDATA 00000000

Symbol: MYDATA
   Definitions
      At line 32 in file l1q4.s
   Uses
      None
Comment: MYDATA unused
2 symbols
344 symbols in table
