


ARM Macro Assembler    Page 1 


    1 00000000                 AREA             RESET, DATA, READONLY
    2 00000000                 EXPORT           __Vectors
    3 00000000         __Vectors
    4 00000000 40001000        DCD              0x40001000  ; stack pointer val
                                                            ue when stack is em
                                                            pty
    5 00000004 00000000        DCD              Reset_Handler ; reset vector
    6 00000008                 ALIGN
    7 00000008                 AREA             mycode, CODE, READONLY
    8 00000000                 ENTRY
    9 00000000                 EXPORT           Reset_Handler
   10 00000000         Reset_Handler
   11 00000000 4805            LDR              R0, =VALUE1 ;pointer to the fir
                                                            st value1
   12 00000002 6801            LDR              R1, [R0]    ;load the first val
                                                            ue into R1
   13 00000004 4805            LDR              R0, =VALUE2 ;pointer to the sec
                                                            ond value
   14 00000006 6803            LDR              R3, [R0]    ;load second number
                                                             into r3
   15 00000008 18CE            ADDS             R6, R1, R3  ;add two numbers an
                                                            d store the result 
                                                            in r6
   16 0000000A 4A05            LDR              R2, =RESULT
   17 0000000C 6016            STR              R6, [R2]
   18 0000000E         STOP
   19 0000000E E7FE            B                STOP
   20 00000010 12345678 
                       VALUE1  DCD              0X12345678  ; First 32 bit numb
                                                            er
   21 00000014 ABCDEF12 
                       VALUE2  DCD              0XABCDEF12  ; Second 32 bit num
                                                            ber 
   22 00000018 00000000 
              00000000 
              00000000         AREA             data, DATA, READWRITE
   23 00000000 00000000 
                       RESULT  DCD              0
   24 00000004                 END
Command Line: --debug --xref --cpu=Cortex-M3 --apcs=interwork --depend=.\l2_sol
ved_exercise.d -o.\l2_solved_exercise.o -IC:\Keil\ARM\RV31\INC -IC:\Keil\ARM\CM
SIS\Include -IC:\Keil\ARM\Inc\NXP\LPC17xx --predefine="__EVAL SETA 1" --list=.\
l2_solved_exercise.lst l2_Solved_Exercise.s



ARM Macro Assembler    Page 1 Alphabetic symbol ordering
Relocatable symbols

RESET 00000000

Symbol: RESET
   Definitions
      At line 1 in file l2_Solved_Exercise.s
   Uses
      None
Comment: RESET unused
__Vectors 00000000

Symbol: __Vectors
   Definitions
      At line 3 in file l2_Solved_Exercise.s
   Uses
      At line 2 in file l2_Solved_Exercise.s
Comment: __Vectors used once
2 symbols



ARM Macro Assembler    Page 1 Alphabetic symbol ordering
Relocatable symbols

Reset_Handler 00000000

Symbol: Reset_Handler
   Definitions
      At line 10 in file l2_Solved_Exercise.s
   Uses
      At line 5 in file l2_Solved_Exercise.s
      At line 9 in file l2_Solved_Exercise.s

STOP 0000000E

Symbol: STOP
   Definitions
      At line 18 in file l2_Solved_Exercise.s
   Uses
      At line 19 in file l2_Solved_Exercise.s
Comment: STOP used once
VALUE1 00000010

Symbol: VALUE1
   Definitions
      At line 20 in file l2_Solved_Exercise.s
   Uses
      At line 11 in file l2_Solved_Exercise.s
Comment: VALUE1 used once
VALUE2 00000014

Symbol: VALUE2
   Definitions
      At line 21 in file l2_Solved_Exercise.s
   Uses
      At line 13 in file l2_Solved_Exercise.s
Comment: VALUE2 used once
mycode 00000000

Symbol: mycode
   Definitions
      At line 7 in file l2_Solved_Exercise.s
   Uses
      None
Comment: mycode unused
5 symbols



ARM Macro Assembler    Page 1 Alphabetic symbol ordering
Relocatable symbols

RESULT 00000000

Symbol: RESULT
   Definitions
      At line 23 in file l2_Solved_Exercise.s
   Uses
      At line 16 in file l2_Solved_Exercise.s
Comment: RESULT used once
data 00000000

Symbol: data
   Definitions
      At line 22 in file l2_Solved_Exercise.s
   Uses
      None
Comment: data unused
2 symbols
342 symbols in table
