


ARM Macro Assembler    Page 1 


    1 00000000                 AREA             RESET, DATA, READONLY
    2 00000000                 EXPORT           __Vectors
    3 00000000         __Vectors
    4 00000000 10001000        DCD              0x10001000  ; stack pointer val
                                                            ue when stack is em
                                                            pty
    5 00000004 00000000        DCD              Reset_Handler ; reset vector
    6 00000008                 ALIGN
    7 00000008                 AREA             mycode, CODE, READONLY
    8 00000000                 ENTRY
    9 00000000                 EXPORT           Reset_Handler
   10 00000000         Reset_Handler
   11 00000000 4D0F            LDR              R5,=SRC
   12 00000002 6828            LDR              R0,[R5]
   13 00000004 4E0F            LDR              R6,=DST
   14 00000006 F04F 0100       MOV              R1,#0
   15 0000000A F04F 0200       MOV              R2,#0
   16 0000000E F04F 0300       MOV              R3,#0
   17 00000012 280A    UP      CMP              R0,#10
   18 00000014 D304            BCC              STO
   19 00000016 F1A0 000A       SUB              R0,#10
   20 0000001A F101 0101       ADD              R1,#1
   21 0000001E E7F8            B                UP
   22 00000020 FA00 F002 
                       STO     LSL              R0,R2
   23 00000024 F102 0204       ADD              R2,#4
   24 00000028 EA43 0300       ORR              R3,R0
   25 0000002C 4608            MOV              R0,R1
   26 0000002E F04F 0100       MOV              R1,#0
   27 00000032 2800            CMP              R0,#0
   28 00000034 D8ED            BHI              UP
   29 00000036 6033            STR              R3,[R6]
   30 00000038         STOP
   31 00000038 E7FE            B                STOP
   32 0000003A 00 00 00000081 
                       SRC     DCD              0x0081
   33 00000040 00000000 
              00000000         AREA             mydata,DATA,READWRITE
   34 00000000 00000000 
                       DST     DCD              0
   35 00000004                 END
Command Line: --debug --xref --cpu=Cortex-M3 --apcs=interwork --depend=.\l4q2.d
 -o.\l4q2.o -IC:\Keil\ARM\RV31\INC -IC:\Keil\ARM\CMSIS\Include -IC:\Keil\ARM\In
c\NXP\LPC17xx --predefine="__EVAL SETA 1" --list=.\l4q2.lst l4q2.s



ARM Macro Assembler    Page 1 Alphabetic symbol ordering
Relocatable symbols

RESET 00000000

Symbol: RESET
   Definitions
      At line 1 in file l4q2.s
   Uses
      None
Comment: RESET unused
__Vectors 00000000

Symbol: __Vectors
   Definitions
      At line 3 in file l4q2.s
   Uses
      At line 2 in file l4q2.s
Comment: __Vectors used once
2 symbols



ARM Macro Assembler    Page 1 Alphabetic symbol ordering
Relocatable symbols

Reset_Handler 00000000

Symbol: Reset_Handler
   Definitions
      At line 10 in file l4q2.s
   Uses
      At line 5 in file l4q2.s
      At line 9 in file l4q2.s

SRC 0000003C

Symbol: SRC
   Definitions
      At line 32 in file l4q2.s
   Uses
      At line 11 in file l4q2.s
Comment: SRC used once
STO 00000020

Symbol: STO
   Definitions
      At line 22 in file l4q2.s
   Uses
      At line 18 in file l4q2.s
Comment: STO used once
STOP 00000038

Symbol: STOP
   Definitions
      At line 30 in file l4q2.s
   Uses
      At line 31 in file l4q2.s
Comment: STOP used once
UP 00000012

Symbol: UP
   Definitions
      At line 17 in file l4q2.s
   Uses
      At line 21 in file l4q2.s
      At line 28 in file l4q2.s

mycode 00000000

Symbol: mycode
   Definitions
      At line 7 in file l4q2.s
   Uses
      None
Comment: mycode unused
6 symbols



ARM Macro Assembler    Page 1 Alphabetic symbol ordering
Relocatable symbols

DST 00000000

Symbol: DST
   Definitions
      At line 34 in file l4q2.s
   Uses
      At line 13 in file l4q2.s
Comment: DST used once
mydata 00000000

Symbol: mydata
   Definitions
      At line 33 in file l4q2.s
   Uses
      None
Comment: mydata unused
2 symbols
343 symbols in table
